[3] 0
[12] 0
[13] I_am_the_admin 奥斯卡 foo@bar.com 10
[16] 0
[25] 0
[32] Croissant 可颂 MANIFESTO.OF@THE.COMMUNIST 8
[37] Croissant 可颂 MANIFESTO.OF@THE.COMMUNIST 8
[44] -1
[51] Croissant 可颂 MANIFESTO.OF@THE.COMMUNIST 8
[58] 0
[66] 0
[73] Mayer 梅尔 PARTY.A.spectre@is.haunting 7
[76] Mayer 梅尔 PARTY.A.spectre@is.haunting 7
[82] Mayer 梅尔 PARTY.A.spectre@is.haunting 7
[88] Mayer 梅尔 PARTY.A.spectre@is.haunting 7
[90] Croissant 可颂 MANIFESTO.OF@THE.COMMUNIST 8
[97] 0
[100] Mayer 梅尔 PARTY.A.spectre@is.haunting 7
